<!doctype html public "-//w3c//dtd html 4.0 transitional//en">
<html><head>
<title>Static Call Graph - [.\Objects\timer.axf]</title></head>
<body><HR>
<H1>Static Call Graph for image .\Objects\timer.axf</H1><HR>
<BR><P>#&#060CALLGRAPH&#062# ARM Linker, 6190004: Last Updated: Fri May  5 05:33:28 2023
<BR><P>
<H3>Maximum Stack Usage =          0 bytes + Unknown(Functions without stacksize, Untraceable Function Pointers)</H3><H3>
Call chain for Maximum Stack Depth:</H3>

<P>
<H3>
Functions with no stack information
</H3><UL>
 <LI><a href="#[2]">MAIN</a>
 <LI><a href="#[0]">RESET_HANDLER</a>
</UL>
</UL>
<P>
<H3>
Function Pointers
</H3><UL>
 <LI><a href="#[0]">RESET_HANDLER</a> from startup.o(Bolum2) referenced from startup.o(RESET)
 <LI><a href="#[1]">TIM2_IRQ_HANDLER</a> from interrupt.o(tim2_IRQHandler) referenced from startup.o(RESET)
</UL>
<P>
<H3>
Global Symbols
</H3>
<P><STRONG><a name="[2]"></a>MAIN</STRONG> (Thumb, 0 bytes, Stack size unknown bytes, main.o(MAIN_PROC), UNUSED)

<P><STRONG><a name="[1]"></a>TIM2_IRQ_HANDLER</STRONG> (Thumb, 90 bytes, Stack size 0 bytes, interrupt.o(tim2_IRQHandler))
<BR>[Address Reference Count : 1]<UL><LI> startup.o(RESET)
</UL><P>
<H3>
Local Symbols
</H3>
<P><STRONG><a name="[0]"></a>RESET_HANDLER</STRONG> (Thumb, 0 bytes, Stack size unknown bytes, startup.o(Bolum2))
<BR>[Address Reference Count : 1]<UL><LI> startup.o(RESET)
</UL><P>
<H3>
Undefined Global Symbols
</H3><HR></body></html>
