Component: Arm Compiler for Embedded 6.19 Tool: armlink [5e73cb00]

==============================================================================

Section Cross References

    startup.o(RESET) refers to startup.o(Bolum2) for RESET_HANDLER
    startup.o(RESET) refers to interrupt.o(tim2_IRQHandler) for TIM2_IRQ_HANDLER
    startup.o(Bolum2) refers to main.o(MAIN_PROC) for MAIN


==============================================================================

Removing Unused input sections from the image.

    Removing startup.o(.text), (4 bytes).

1 unused section(s) (total 4 bytes) removed from the image.

==============================================================================

Image Symbol Table

    Local Symbols

    Symbol Name                              Value     Ov Type        Size  Object(Section)

    interrupt.s                              0x00000000   Number         0  interrupt.o ABSOLUTE
    main.s                                   0x00000000   Number         0  main.o ABSOLUTE
    startup.s                                0x00000000   Number         0  startup.o ABSOLUTE
    RESET                                    0x08000000   Section      180  startup.o(RESET)
    RESET_HANDLER                            0x080000b5   Thumb Code     0  startup.o(Bolum2)
    Bolum2                                   0x080000b4   Section        4  startup.o(Bolum2)
    MAIN_PROC                                0x080000b8   Section      308  main.o(MAIN_PROC)
    tim2_IRQHandler                          0x080001ec   Section       96  interrupt.o(tim2_IRQHandler)

    Global Symbols

    Symbol Name                              Value     Ov Type        Size  Object(Section)

    BuildAttributes$$THM_ISAv4$P$D$K$B$S$A:L22UL41UL21$X:L11$S22US41US21$IEEE1$~IW$USESV6$~STKCKD$USESV7$~SHL$OSPACE$EBA8$STANDARDLIB$PRES8$EABIv2 0x00000000   Number         0  anon$$obj.o ABSOLUTE
    MAIN                                     0x080000b9   Thumb Code     0  main.o(MAIN_PROC)
    TIM2_IRQ_HANDLER                         0x080001ed   Thumb Code    90  interrupt.o(tim2_IRQHandler)



==============================================================================

Memory Map of the image

  Image Entry point : 0x080000b5

  Load Region LR_IROM1 (Base: 0x08000000, Size: 0x0000024c, Max: 0x00010000, ABSOLUTE)

    Execution Region ER_IROM1 (Exec base: 0x08000000, Load base: 0x08000000, Size: 0x0000024c, Max: 0x00010000, ABSOLUTE)

    Exec Addr    Load Addr    Size         Type   Attr      Idx    E Section Name        Object

    0x08000000   0x08000000   0x000000b4   Data   RO            1    RESET               startup.o
    0x080000b4   0x080000b4   0x00000004   Code   RO            3  * Bolum2              startup.o
    0x080000b8   0x080000b8   0x00000134   Code   RO           15    MAIN_PROC           main.o
    0x080001ec   0x080001ec   0x00000060   Code   RO           11    tim2_IRQHandler     interrupt.o


    Execution Region RW_IRAM1 (Exec base: 0x20000000, Load base: 0x0800024c, Size: 0x00000000, Max: 0x00005000, ABSOLUTE)

    **** No section assigned to this execution region ****


==============================================================================

Image component sizes


      Code (inc. data)   RO Data    RW Data    ZI Data      Debug   Object Name

        96          6          0          0          0        328   interrupt.o
       308         42          0          0          0        284   main.o
         4          0        180          0          0        232   startup.o

    ----------------------------------------------------------------------
       408         48        180          0          0        844   Object Totals
         0          0          0          0          0          0   (incl. Generated)
         0          0          0          0          0          0   (incl. Padding)

    ----------------------------------------------------------------------
         0          0          0          0          0          0   Library Totals
         0          0          0          0          0          0   (incl. Padding)

    ----------------------------------------------------------------------

==============================================================================


      Code (inc. data)   RO Data    RW Data    ZI Data      Debug   

       408         48        180          0          0        844   Grand Totals
       408         48        180          0          0        844   ELF Image Totals
       408         48        180          0          0          0   ROM Totals

==============================================================================

    Total RO  Size (Code + RO Data)                  588 (   0.57kB)
    Total RW  Size (RW Data + ZI Data)                 0 (   0.00kB)
    Total ROM Size (Code + RO Data + RW Data)        588 (   0.57kB)

==============================================================================

